/Users/mattbutcher/.homesick/repos/dotfiles-homeshick/home/.vim/plugged/vim-gitgutter/test/hunkStageNearbyGitDiff.expected